BL51 BANKED LINKER/LOCATER V6.22.2.0                                                    04/30/2020  09:36:49  PAGE 1


BL51 BANKED LINKER/LOCATER V6.22.2.0, INVOKED BY:
E:\MY DOCUMENT\SOFTWARE\KEIL V5\C51\BIN\BL51.EXE .\Objects\BINARY_VAL.obj TO .\Objects\BINARY_VAL PRINT (.\Listings\BINA
>> RY_VAL.m51) RAMSIZE (256)


MEMORY MODEL: SMALL


INPUT MODULES INCLUDED:
  .\Objects\BINARY_VAL.obj (BINARY_VAL)
  E:\MY DOCUMENT\SOFTWARE\KEIL V5\C51\LIB\C51S.LIB (?C_STARTUP)


LINK MAP OF MODULE:  .\Objects\BINARY_VAL (BINARY_VAL)


            TYPE    BASE      LENGTH    RELOCATION   SEGMENT NAME
            -----------------------------------------------------

            * * * * * * *   D A T A   M E M O R Y   * * * * * * *
            REG     0000H     0008H     ABSOLUTE     "REG BANK 0"
            DATA    0008H     0001H     UNIT         _DATA_GROUP_
            IDATA   0009H     0001H     UNIT         ?STACK

            * * * * * * *   C O D E   M E M O R Y   * * * * * * *
            CODE    0000H     0003H     ABSOLUTE     
                    0003H     07FDH                  *** GAP ***
            CODE    0800H     0031H     UNIT         ?PR?_DELAY?BINARY_VAL
            CODE    0831H     0025H     UNIT         ?PR?MAIN?BINARY_VAL
            CODE    0856H     000CH     UNIT         ?C_C51STARTUP



OVERLAY MAP OF MODULE:   .\Objects\BINARY_VAL (BINARY_VAL)


SEGMENT                          DATA_GROUP 
  +--> CALLED SEGMENT          START    LENGTH
----------------------------------------------
?C_C51STARTUP                  -----    -----
  +--> ?PR?MAIN?BINARY_VAL

?PR?MAIN?BINARY_VAL            0008H    0001H
  +--> ?PR?_DELAY?BINARY_VAL



SYMBOL TABLE OF MODULE:  .\Objects\BINARY_VAL (BINARY_VAL)

  VALUE           TYPE          NAME
  ----------------------------------

  -------         MODULE        BINARY_VAL
  C:0000H         SYMBOL        _ICE_DUMMY_
  D:0090H         PUBLIC        P1
  C:0800H         PUBLIC        _delay
  C:0831H         PUBLIC        main
  -------         PROC          MAIN
BL51 BANKED LINKER/LOCATER V6.22.2.0                                                  04/30/2020  09:36:49  PAGE 2


  -------         DO            
  D:0008H         SYMBOL        i
  -------         ENDDO         
  C:0831H         LINE#         4
  C:0831H         LINE#         5
  C:0831H         LINE#         6
  C:0834H         LINE#         8
  C:0834H         LINE#         9
  C:0834H         LINE#         10
  C:083FH         LINE#         11
  C:083FH         LINE#         12
  C:0844H         LINE#         13
  C:084BH         LINE#         14
  C:0850H         LINE#         15
  C:0850H         LINE#         16
  C:0852H         LINE#         17
  C:0852H         LINE#         18
  -------         ENDPROC       MAIN
  -------         PROC          _DELAY
  D:0006H         SYMBOL        n
  -------         DO            
  D:0005H         SYMBOL        i
  -------         ENDDO         
  C:0800H         LINE#         23
  C:0800H         LINE#         24
  C:0800H         LINE#         26
  C:080BH         LINE#         27
  C:080BH         LINE#         28
  C:081AH         LINE#         29
  C:0829H         LINE#         30
  C:0830H         LINE#         31
  -------         ENDPROC       _DELAY
  -------         ENDMOD        BINARY_VAL

******************************************************************************
* RESTRICTED VERSION WITH 0800H BYTE CODE SIZE LIMIT; USED: 0056H BYTE ( 4%) *
******************************************************************************

Program Size: data=10.0 xdata=0 code=101
LINK/LOCATE RUN COMPLETE.  0 WARNING(S),  0 ERROR(S)
